###############################################################################
#                                                                             #
# IAR ELF Linker V6.60.1.5097/W32 for ARM               28/Jul/2015  01:03:43 #
# Copyright 2007-2013 IAR Systems AB.                                         #
#                                                                             #
#    Output file  =  C:\Users\Mr_L\Desktop\Freescale_MDK60\Prj\IAR\FN15_Debug #
#                    \Exe\vcan_Kinetis.out                                    #
#    Map file     =  C:\Users\Mr_L\Desktop\Freescale_MDK60\Prj\IAR\FN15_Debug #
#                    \List\vcan_Kinetis.map                                   #
#    Command line =  C:\Users\Mr_L\Desktop\Freescale_MDK60\Prj\IAR\FN15_Debug #
#                    \Obj\main.o C:\Users\Mr_L\Desktop\Freescale_MDK60\Prj\IA #
#                    R\FN15_Debug\Obj\misc.o C:\Users\Mr_L\Desktop\Freescale_ #
#                    MDK60\Prj\IAR\FN15_Debug\Obj\MK60_adc.o                  #
#                    C:\Users\Mr_L\Desktop\Freescale_MDK60\Prj\IAR\FN15_Debug #
#                    \Obj\MK60_conf.o C:\Users\Mr_L\Desktop\Freescale_MDK60\P #
#                    rj\IAR\FN15_Debug\Obj\MK60_dac.o                         #
#                    C:\Users\Mr_L\Desktop\Freescale_MDK60\Prj\IAR\FN15_Debug #
#                    \Obj\MK60_dma.o C:\Users\Mr_L\Desktop\Freescale_MDK60\Pr #
#                    j\IAR\FN15_Debug\Obj\MK60_DWT.o                          #
#                    C:\Users\Mr_L\Desktop\Freescale_MDK60\Prj\IAR\FN15_Debug #
#                    \Obj\MK60_flash.o C:\Users\Mr_L\Desktop\Freescale_MDK60\ #
#                    Prj\IAR\FN15_Debug\Obj\MK60_ftm.o                        #
#                    C:\Users\Mr_L\Desktop\Freescale_MDK60\Prj\IAR\FN15_Debug #
#                    \Obj\MK60_gpio.o C:\Users\Mr_L\Desktop\Freescale_MDK60\P #
#                    rj\IAR\FN15_Debug\Obj\MK60_i2c.o                         #
#                    C:\Users\Mr_L\Desktop\Freescale_MDK60\Prj\IAR\FN15_Debug #
#                    \Obj\MK60_it.o C:\Users\Mr_L\Desktop\Freescale_MDK60\Prj #
#                    \IAR\FN15_Debug\Obj\MK60_lptmr.o                         #
#                    C:\Users\Mr_L\Desktop\Freescale_MDK60\Prj\IAR\FN15_Debug #
#                    \Obj\MK60_mcg.o C:\Users\Mr_L\Desktop\Freescale_MDK60\Pr #
#                    j\IAR\FN15_Debug\Obj\MK60_PIT.o                          #
#                    C:\Users\Mr_L\Desktop\Freescale_MDK60\Prj\IAR\FN15_Debug #
#                    \Obj\MK60_port.o C:\Users\Mr_L\Desktop\Freescale_MDK60\P #
#                    rj\IAR\FN15_Debug\Obj\MK60_rtc.o                         #
#                    C:\Users\Mr_L\Desktop\Freescale_MDK60\Prj\IAR\FN15_Debug #
#                    \Obj\MK60_spi.o C:\Users\Mr_L\Desktop\Freescale_MDK60\Pr #
#                    j\IAR\FN15_Debug\Obj\MK60_SysTick.o                      #
#                    C:\Users\Mr_L\Desktop\Freescale_MDK60\Prj\IAR\FN15_Debug #
#                    \Obj\MK60_uart.o C:\Users\Mr_L\Desktop\Freescale_MDK60\P #
#                    rj\IAR\FN15_Debug\Obj\MK60_wdog.o                        #
#                    C:\Users\Mr_L\Desktop\Freescale_MDK60\Prj\IAR\FN15_Debug #
#                    \Obj\startup_MK60DZ10.o C:\Users\Mr_L\Desktop\Freescale_ #
#                    MDK60\Prj\IAR\FN15_Debug\Obj\system_MK60DZ10.o           #
#                    C:\Users\Mr_L\Desktop\Freescale_MDK60\Prj\IAR\FN15_Debug #
#                    \Obj\VCAN_camera.o C:\Users\Mr_L\Desktop\Freescale_MDK60 #
#                    \Prj\IAR\FN15_Debug\Obj\VCAN_computer.o                  #
#                    C:\Users\Mr_L\Desktop\Freescale_MDK60\Prj\IAR\FN15_Debug #
#                    \Obj\VCAN_key.o C:\Users\Mr_L\Desktop\Freescale_MDK60\Pr #
#                    j\IAR\FN15_Debug\Obj\VCAN_LED.o                          #
#                    C:\Users\Mr_L\Desktop\Freescale_MDK60\Prj\IAR\FN15_Debug #
#                    \Obj\VCAN_MMA7455.o C:\Users\Mr_L\Desktop\Freescale_MDK6 #
#                    0\Prj\IAR\FN15_Debug\Obj\VCAN_NRF24L0.o                  #
#                    C:\Users\Mr_L\Desktop\Freescale_MDK60\Prj\IAR\FN15_Debug #
#                    \Obj\VCAN_OV7725_Eagle.o C:\Users\Mr_L\Desktop\Freescale #
#                    _MDK60\Prj\IAR\FN15_Debug\Obj\VCAN_RTC_count.o           #
#                    C:\Users\Mr_L\Desktop\Freescale_MDK60\Prj\IAR\FN15_Debug #
#                    \Obj\VCAN_SCCB.o C:\Users\Mr_L\Desktop\Freescale_MDK60\P #
#                    rj\IAR\FN15_Debug\Obj\vectors.o --redirect               #
#                    _Printf=_PrintfLargeNoMb --redirect                      #
#                    _Scanf=_ScanfLargeNoMb -o C:\Users\Mr_L\Desktop\Freescal #
#                    e_MDK60\Prj\IAR\FN15_Debug\Exe\vcan_Kinetis.out --map    #
#                    C:\Users\Mr_L\Desktop\Freescale_MDK60\Prj\IAR\FN15_Debug #
#                    \List\vcan_Kinetis.map --config                          #
#                    "C:\Users\Mr_L\Desktop\Freescale_MDK60\Prj\IAR\config    #
#                    files\vcan_ROM_K60N1M.icf" C:\Users\Mr_L\Desktop\Freesca #
#                    le_MDK60\Prj\IAR\..\..\Lib\CMSIS\iar_cortexM4l_math.a    #
#                    --entry __iar_program_start --redirect                   #
#                    __write=__write_buffered --vfe                           #
#                                                                             #
#                                                                             #
###############################################################################

*******************************************************************************
*** RUNTIME MODEL ATTRIBUTES
***

CppFlavor       = *
__SystemLibrary = DLib


*******************************************************************************
*** PLACEMENT SUMMARY
***

"A1":  place at 0x00000000 { ro section .intvec };
"A2":  place at 0x00000410 { ro section .noinit };
"P1":  place in [from 0x00000000 to 0x00100000] { ro, block CodeRelocate };
"P2":  place in [from 0x1fff0410 to 0x20010000] {
          rw, block CodeRelocateRam, block CSTACK, block HEAP };

  Section              Kind        Address    Size  Object
  -------              ----        -------    ----  ------
"A1":                                        0x410
  .intvec              const    0x00000000   0x410  vectors.o [1]
                              - 0x00000410   0x410

"P1", part 1 of 2:                             0x0
  .rodata              const    0x00000410     0x0  zero_init3.o [5]

"A2":                                          0x8
  .noinit              ro code  0x00000410     0x8  startup_MK60DZ10.o [1]
                              - 0x00000418     0x8

"P1", part 2 of 2:                          0x2aac
  .text                ro code  0x00000418   0xbf2  xprintflarge_nomb.o [3]
  .text                ro code  0x0000100a    0x22  zero_init3.o [5]
  .text                ro code  0x0000102c    0x16  strchr.o [5]
  .text                ro code  0x00001044    0x36  strlen.o [5]
  .text                ro code  0x0000107c    0x58  memchr.o [5]
  .text                ro code  0x000010d4    0xee  I64DivMod.o [5]
  .text                ro code  0x000011c4    0x76  ABImemcpy_unaligned.o [5]
  .text                ro code  0x0000123a    0x42  xdnorm.o [4]
  .text                ro code  0x0000127c    0x2e  DblCmpLe.o [4]
  .text                ro code  0x000012ac   0x1a2  DblMul.o [4]
  .text                ro code  0x00001450   0x246  DblDiv.o [4]
  .text                ro code  0x00001698    0x2c  DblToI32.o [4]
  .text                ro code  0x000016c4    0x1c  I32ToDbl.o [4]
  .text                ro code  0x000016e0   0x180  DblSub.o [4]
  .text                ro code  0x00001860    0x6c  localeconv.o [3]
  .text                ro code  0x000018cc     0xe  div.o [3]
  .text                ro code  0x000018dc     0x2  I64DivZer.o [5]
  .text                ro code  0x000018e0    0xd4  DblAdd.o [4]
  .text                ro code  0x000019b4     0x2  xtls.o [3]
  .data_init                    0x000019b8   0x7e8  <Block>
    Initializer bytes  ro data  0x000019b8   0x7e8  <for .data-1>
  Veneer               ro code  0x000021a0     0x8  - Linker created -
  .text                ro code  0x000021a8   0x3b8  MK60_mcg.o [1]
  .text                ro code  0x00002560   0x24c  MK60_uart.o [1]
  .text                ro code  0x000027ac    0x4c  MK60_port.o [1]
  .text                ro code  0x000027f8    0x7c  MK60_conf.o [1]
  .text                ro code  0x00002874    0x70  VCAN_LED.o [1]
  .text                ro code  0x000028e4    0x24  printf.o [3]
  .text                ro code  0x00002908    0x64  MK60_SysTick.o [1]
  .text                ro code  0x0000296c    0xf0  MK60_gpio.o [1]
  .text                ro code  0x00002a5c   0x12c  system_MK60DZ10.o [1]
  .text                ro code  0x00002b88    0x40  MK60_wdog.o [1]
  .text                ro code  0x00002bc8     0x2  main.o [1]
  .text                ro code  0x00002bcc    0x2c  misc.o [1]
  CodeRelocate                  0x00002bf8    0x50  <Block>
    Initializer bytes  ro data  0x00002bf8    0x50  <for CodeRelocateRam-1>
  .rodata              const    0x00002c48    0x40  MK60_SysTick.o [1]
  .rodata              const    0x00002c88    0x3c  MK60_conf.o [1]
  .rodata              const    0x00002cc4    0x3c  MK60_gpio.o [1]
  .rodata              const    0x00002d00    0x3c  MK60_uart.o [1]
  .rodata              const    0x00002d3c    0x38  misc.o [1]
  .text                ro code  0x00002d74    0x28  data_init.o [5]
  .rodata              const    0x00002d9c    0x24  MK60_conf.o [1]
  .iar.init_table      const    0x00002dc0    0x10  - Linker created -
  .text                ro code  0x00002dd0    0x1a  cmain.o [5]
  .text                ro code  0x00002dea     0x4  low_level_init.o [3]
  .text                ro code  0x00002dee     0x4  exit.o [3]
  .text                ro code  0x00002df4     0xa  cexit.o [5]
  .text                ro code  0x00002e00     0xc  XXexit.o [5]
  .text                ro code  0x00002e0c    0x16  xprout.o [3]
  .text                ro code  0x00002e24     0xc  putchar.o [3]
  .text                ro code  0x00002e30     0xc  cstartup_M.o [5]
  Initializer bytes    ro data  0x00002e3c    0x88  <for P2 s0>
                              - 0x00002ec4  0x2aac

"P2", part 1 of 3:                           0x838
  .data                         0x1fff0410   0x7e8  <Block>
    .data-1                     0x1fff0410   0x7e8  <Init block>
      .data            inited   0x1fff0410   0x708  MK60_conf.o [1]
      .data            inited   0x1fff0b18    0x14  MK60_gpio.o [1]
      .data            inited   0x1fff0b2c    0x58  MK60_mcg.o [1]
      .data            inited   0x1fff0b84     0x4  MK60_mcg.o [1]
      .data            inited   0x1fff0b88    0x14  MK60_port.o [1]
      .data            inited   0x1fff0b9c    0x18  MK60_uart.o [1]
      .data            inited   0x1fff0bb4     0x4  VCAN_LED.o [1]
      .data            inited   0x1fff0bb8    0x40  xfiles.o [3]
  CodeRelocateRam               0x1fff0bf8    0x50  <Block>
    CodeRelocateRam-1           0x1fff0bf8    0x50  <Init block>
      .textrw          inited   0x1fff0bf8    0x50  MK60_mcg.o [1]
                              - 0x1fff0c48   0x838

"P2", part 2 of 3:                            0x5c
  .bss                          0x1fff0c48    0x5c  <Block>
    .bss               zero     0x1fff0c48     0x4  system_MK60DZ10.o [1]
    .bss               zero     0x1fff0c4c     0x4  system_MK60DZ10.o [1]
    .bss               zero     0x1fff0c50     0x4  system_MK60DZ10.o [1]
    .bss               zero     0x1fff0c54    0x50  xfiles.o [3]
                              - 0x1fff0ca4    0x5c

"P2", part 3 of 3:                            0x88
  P2 s0                         0x1fff0ca4    0x88  <Init block>
    __DLIB_PERTHREAD   inited   0x1fff0ca4    0x88  localeconv.o [3]
                              - 0x1fff0d2c    0x88


*******************************************************************************
*** INIT TABLE
***

          Address     Size
          -------     ----
Zero (__iar_zero_init3)
    1 destination range, total size 0x5c:
          0x1fff0c48  0x5c



*******************************************************************************
*** MODULE SUMMARY
***

    Module                 ro code  rw code  ro data  rw data
    ------                 -------  -------  -------  -------
C:\Users\Mr_L\Desktop\Freescale_MDK60\Prj\IAR\FN15_Debug\Obj: [1]
    MK60_SysTick.o             100                64
    MK60_conf.o                124             1 896    1 800
    MK60_gpio.o                240                80       20
    MK60_mcg.o                 952       80      172       92
    MK60_port.o                 76                20       20
    MK60_uart.o                588                84       24
    MK60_wdog.o                 64
    VCAN_LED.o                 112                 4        4
    main.o                       2
    misc.o                      44                56
    startup_MK60DZ10.o           8
    system_MK60DZ10.o          300                         12
    vectors.o                                  1 040
    ---------------------------------------------------------
    Total:                   2 610       80    3 416    1 972

command line: [2]
    ---------------------------------------------------------
    Total:

dl7M_tlf.a: [3]
    div.o                       14
    exit.o                       4
    localeconv.o               108               136      136
    low_level_init.o             4
    printf.o                    36
    putchar.o                   12
    xfiles.o                                      64      144
    xprintflarge_nomb.o      3 058
    xprout.o                    22
    xtls.o                       2
    ---------------------------------------------------------
    Total:                   3 260               200      280

m7M_tl.a: [4]
    DblAdd.o                   212
    DblCmpLe.o                  46
    DblDiv.o                   582
    DblMul.o                   418
    DblSub.o                   384
    DblToI32.o                  44
    I32ToDbl.o                  28
    xdnorm.o                    66
    ---------------------------------------------------------
    Total:                   1 780

rt7M_tl.a: [5]
    ABImemcpy_unaligned.o      118
    I64DivMod.o                238
    I64DivZer.o                  2
    XXexit.o                    12
    cexit.o                     10
    cmain.o                     26
    cstartup_M.o                12
    data_init.o                 40
    memchr.o                    88
    strchr.o                    22
    strlen.o                    54
    zero_init3.o                34
    ---------------------------------------------------------
    Total:                     656

    Gaps                        24
    Linker created               8                16
-------------------------------------------------------------
    Grand Total:             8 338       80    3 632    2 252


*******************************************************************************
*** ENTRY LIST
***

Entry                      Address   Size  Type      Object
-----                      -------   ----  ----      ------
.bss$$Base              0x1fff0c48          --   Gb  - Linker created -
.bss$$Limit             0x1fff0ca4          --   Gb  - Linker created -
.data$$Base             0x1fff0410          --   Gb  - Linker created -
.data$$Limit            0x1fff0bf8          --   Gb  - Linker created -
.data_init$$Base        0x000019b8          --   Gb  - Linker created -
.data_init$$Limit       0x000021a0          --   Gb  - Linker created -
?main                   0x00002dd1         Code  Gb  cmain.o [5]
ASSERT_FAILED_STR       0x00002d9c   0x24  Data  Gb  MK60_conf.o [1]
CodeRelocate$$Base      0x00002bf8          --   Gb  - Linker created -
CodeRelocate$$Limit     0x00002c48          --   Gb  - Linker created -
CodeRelocateRam$$Base   0x1fff0bf8          --   Gb  - Linker created -
CodeRelocateRam$$Limit  0x1fff0c48          --   Gb  - Linker created -
GPIOX                   0x1fff0b18   0x14  Data  Gb  MK60_gpio.o [1]
LED_PTxn                0x1fff0bb4    0x4  Data  Gb  VCAN_LED.o [1]
PORTX                   0x1fff0b88   0x14  Data  Gb  MK60_port.o [1]
Region$$Table$$Base     0x00002dc0          --   Gb  - Linker created -
Region$$Table$$Limit    0x00002dd0          --   Gb  - Linker created -
Reset_Handler           0x00000411         Code  Gb  startup_MK60DZ10.o [1]
UARTN                   0x1fff0b9c   0x18  Data  Gb  MK60_uart.o [1]
_GenldLargeNoMb         0x00000d8d  0x234  Code  Lc  xprintflarge_nomb.o [3]
_LdtobLargeNoMb         0x00000b09  0x27e  Code  Lc  xprintflarge_nomb.o [3]
_LitobLargeNoMb         0x000009f5  0x10c  Code  Lc  xprintflarge_nomb.o [3]
_Locale_aeabi_lconv     0x1fff0cf4   0x38  Data  Gb  localeconv.o [3]
_Locale_lconv           0x1fff0ca4   0x50  Data  Gb  localeconv.o [3]
_PrintfLargeNoMb        0x00000419  0x5d6  Code  Gb  xprintflarge_nomb.o [3]
_Prout                  0x00002e0d   0x16  Code  Gb  xprout.o [3]
_PutcharsLargeNoMb      0x00000fc1   0x2e  Code  Lc  xprintflarge_nomb.o [3]
__BOOT_STACK_ADDRESS {Abs}
                        0x2000fff8          --   Gb  command line/config [2]
__VECTOR_RAM {Abs}      0x1fff0000          --   Gb  command line/config [2]
__VECTOR_TABLE {Abs}    0x00000000          --   Gb  command line/config [2]
__aeabi_cdcmple         0x0000127d         Code  Gb  DblCmpLe.o [4]
__aeabi_d2uiz           0x00001699         Code  Gb  DblToI32.o [4]
__aeabi_ddiv            0x00001451         Code  Gb  DblDiv.o [4]
__aeabi_dmul            0x000012ad         Code  Gb  DblMul.o [4]
__aeabi_dsub            0x000016e1         Code  Gb  DblSub.o [4]
__aeabi_ldiv0           0x000018dd         Code  Gb  I64DivZer.o [5]
__aeabi_ui2d            0x000016c5         Code  Gb  I32ToDbl.o [4]
__aeabi_uldivmod        0x000010d5         Code  Gb  I64DivMod.o [5]
__cmain                 0x00002dd1         Code  Gb  cmain.o [5]
__code_start__ {Abs}    0x00000410          --   Gb  command line/config [2]
__exit                  0x00002e01         Code  Gb  XXexit.o [5]
__iar_Dnorm             0x0000123b   0x42  Code  Gb  xdnorm.o [4]
__iar_Locale_lconv_init
                        0x00001861   0x3a  Code  Gb  localeconv.o [3]
__iar_Memchr            0x0000107d         Code  Gb  memchr.o [5]
__iar_Stdout            0x1fff0bb8   0x40  Data  Gb  xfiles.o [3]
__iar_Strchr            0x0000102d         Code  Gb  strchr.o [5]
__iar_d2uiz             0x000016a5         Code  Gb  DblToI32.o [4]
__iar_dadd              0x000018e1         Code  Gb  DblAdd.o [4]
__iar_data_init3        0x00002d75   0x28  Code  Gb  data_init.o [5]
__iar_dlib_perthread_access
                        0x000019b5    0x2  Code  Gb  xtls.o [3]
__iar_dsub              0x000016f5         Code  Gb  DblSub.o [4]
__iar_dsubStart         0x00001707         Code  Gb  DblSub.o [4]
__iar_program_start     0x00002e31         Code  Gb  cstartup_M.o [5]
__iar_ui2d              0x000016c9         Code  Gb  I32ToDbl.o [4]
__iar_unaligned___aeabi_memcpy
                        0x000011c5         Code  Gb  ABImemcpy_unaligned.o [5]
__iar_unaligned___aeabi_memcpy4
                        0x000011e5         Code  Gb  ABImemcpy_unaligned.o [5]
__iar_unaligned___aeabi_memcpy8
                        0x000011e5         Code  Gb  ABImemcpy_unaligned.o [5]
__iar_zero_init3        0x0000100b   0x22  Code  Gb  zero_init3.o [5]
__low_level_init        0x00002deb    0x4  Code  Gb  low_level_init.o [3]
__vector_table          0x00000000  0x410  Data  Gb  vectors.o [1]
_call_main              0x00002ddd         Code  Gb  cmain.o [5]
_exit                   0x00002df5         Code  Gb  cexit.o [5]
_main                   0x00002de7         Code  Gb  cmain.o [5]
assert_failed           0x000027f9   0x26  Code  Gb  MK60_conf.o [1]
bus_clk_khz             0x1fff0c50    0x4  Data  Gb  system_MK60DZ10.o [1]
common_startup          0x00002ab7   0x98  Code  Gb  system_MK60DZ10.o [1]
core_clk_khz            0x1fff0c48    0x4  Data  Gb  system_MK60DZ10.o [1]
core_clk_mhz            0x1fff0c4c    0x4  Data  Gb  system_MK60DZ10.o [1]
default_isr             0x00002833   0x30  Code  Gb  MK60_conf.o [1]
div                     0x000018cd    0xe  Code  Gb  div.o [3]
exit                    0x00002def    0x4  Code  Gb  exit.o [3]
fputc                   0x0000281f   0x14  Code  Gb  MK60_conf.o [1]
gpio_init               0x0000296d   0xae  Code  Gb  MK60_gpio.o [1]
gpio_turn               0x00002a1b   0x38  Code  Gb  MK60_gpio.o [1]
led_init                0x00002875   0x3a  Code  Gb  VCAN_LED.o [1]
led_turn                0x000028af   0x32  Code  Gb  VCAN_LED.o [1]
localeconv              0x0000189b   0x16  Code  Gb  localeconv.o [3]
main                    0x00002bc9    0x2  Code  Gb  main.o [1]
mcg_cfg                 0x1fff0b2c   0x58  Data  Gb  MK60_mcg.o [1]
mcg_div                 0x1fff0b84    0x4  Data  Gb  MK60_mcg.o [1]
mcg_div_count           0x000021a9  0x2ea  Code  Gb  MK60_mcg.o [1]
memchr                  0x0000107d         Code  Gb  memchr.o [5]
obuf                    0x1fff0c54   0x50  Data  Lc  xfiles.o [3]
pll_init                0x00002493   0xb2  Code  Gb  MK60_mcg.o [1]
port_init               0x000027ad   0x44  Code  Gb  MK60_port.o [1]
printf                  0x000028e5   0x24  Code  Gb  printf.o [3]
putchar                 0x00002e25    0xc  Code  Gb  putchar.o [3]
set_sys_dividers        0x1fff0bf9   0x50  Code  Gb  MK60_mcg.o [1]
start                   0x00002a5d   0x1e  Code  Gb  system_MK60DZ10.o [1]
strchr                  0x0000102d         Code  Gb  strchr.o [5]
strlen                  0x00001045         Code  Gb  strlen.o [5]
sysinit                 0x00002a7b   0x3c  Code  Gb  system_MK60DZ10.o [1]
systick_delay           0x00002909   0x36  Code  Gb  MK60_SysTick.o [1]
systick_delay_ms        0x0000293f   0x18  Code  Gb  MK60_SysTick.o [1]
uart_init               0x00002561  0x218  Code  Gb  MK60_uart.o [1]
uart_putchar            0x00002779   0x1a  Code  Gb  MK60_uart.o [1]
vector_str              0x1fff0410  0x708  Data  Gb  MK60_conf.o [1]
wdog_disable            0x00002b89   0x16  Code  Gb  MK60_wdog.o [1]
wdog_unlock             0x00002b9f   0x20  Code  Lc  MK60_wdog.o [1]
write_vtor              0x00002bcd   0x22  Code  Gb  misc.o [1]


[1] = C:\Users\Mr_L\Desktop\Freescale_MDK60\Prj\IAR\FN15_Debug\Obj
[2] = command line
[3] = dl7M_tlf.a
[4] = m7M_tl.a
[5] = rt7M_tl.a

  8 338 bytes of readonly  code memory
     80 bytes of readwrite code memory
  3 632 bytes of readonly  data memory
  2 252 bytes of readwrite data memory

Errors: none
Warnings: none
