###############################################################################
#
# IAR ELF Linker V7.20.2.7424/W32 for ARM                 10/Jan/2016  17:02:38
# Copyright 2007-2014 IAR Systems AB.
#
#    Output file  =  
#        C:\Users\Mr_L\Desktop\Freescale_MDK60\Prj\IAR\DZ10_Debug\Exe\vcan_Kinetis.out
#    Map file     =  
#        C:\Users\Mr_L\Desktop\Freescale_MDK60\Prj\IAR\DZ10_Debug\List\vcan_Kinetis.map
#    Command line =  
#        C:\Users\Mr_L\Desktop\Freescale_MDK60\Prj\IAR\DZ10_Debug\Obj\Display.o
#        C:\Users\Mr_L\Desktop\Freescale_MDK60\Prj\IAR\DZ10_Debug\Obj\DOOR.o
#        C:\Users\Mr_L\Desktop\Freescale_MDK60\Prj\IAR\DZ10_Debug\Obj\DS3231.o
#        C:\Users\Mr_L\Desktop\Freescale_MDK60\Prj\IAR\DZ10_Debug\Obj\Key.o
#        C:\Users\Mr_L\Desktop\Freescale_MDK60\Prj\IAR\DZ10_Debug\Obj\main.o
#        C:\Users\Mr_L\Desktop\Freescale_MDK60\Prj\IAR\DZ10_Debug\Obj\misc.o
#        C:\Users\Mr_L\Desktop\Freescale_MDK60\Prj\IAR\DZ10_Debug\Obj\MK60_adc.o
#        C:\Users\Mr_L\Desktop\Freescale_MDK60\Prj\IAR\DZ10_Debug\Obj\MK60_conf.o
#        C:\Users\Mr_L\Desktop\Freescale_MDK60\Prj\IAR\DZ10_Debug\Obj\MK60_dac.o
#        C:\Users\Mr_L\Desktop\Freescale_MDK60\Prj\IAR\DZ10_Debug\Obj\MK60_dma.o
#        C:\Users\Mr_L\Desktop\Freescale_MDK60\Prj\IAR\DZ10_Debug\Obj\MK60_DWT.o
#        C:\Users\Mr_L\Desktop\Freescale_MDK60\Prj\IAR\DZ10_Debug\Obj\MK60_flash.o
#        C:\Users\Mr_L\Desktop\Freescale_MDK60\Prj\IAR\DZ10_Debug\Obj\MK60_ftm.o
#        C:\Users\Mr_L\Desktop\Freescale_MDK60\Prj\IAR\DZ10_Debug\Obj\MK60_gpio.o
#        C:\Users\Mr_L\Desktop\Freescale_MDK60\Prj\IAR\DZ10_Debug\Obj\MK60_i2c.o
#        C:\Users\Mr_L\Desktop\Freescale_MDK60\Prj\IAR\DZ10_Debug\Obj\MK60_it.o
#        C:\Users\Mr_L\Desktop\Freescale_MDK60\Prj\IAR\DZ10_Debug\Obj\MK60_lptmr.o
#        C:\Users\Mr_L\Desktop\Freescale_MDK60\Prj\IAR\DZ10_Debug\Obj\MK60_mcg.o
#        C:\Users\Mr_L\Desktop\Freescale_MDK60\Prj\IAR\DZ10_Debug\Obj\MK60_PIT.o
#        C:\Users\Mr_L\Desktop\Freescale_MDK60\Prj\IAR\DZ10_Debug\Obj\MK60_port.o
#        C:\Users\Mr_L\Desktop\Freescale_MDK60\Prj\IAR\DZ10_Debug\Obj\MK60_rtc.o
#        C:\Users\Mr_L\Desktop\Freescale_MDK60\Prj\IAR\DZ10_Debug\Obj\MK60_spi.o
#        C:\Users\Mr_L\Desktop\Freescale_MDK60\Prj\IAR\DZ10_Debug\Obj\MK60_SysTick.o
#        C:\Users\Mr_L\Desktop\Freescale_MDK60\Prj\IAR\DZ10_Debug\Obj\MK60_uart.o
#        C:\Users\Mr_L\Desktop\Freescale_MDK60\Prj\IAR\DZ10_Debug\Obj\MK60_wdog.o
#        C:\Users\Mr_L\Desktop\Freescale_MDK60\Prj\IAR\DZ10_Debug\Obj\Password.o
#        C:\Users\Mr_L\Desktop\Freescale_MDK60\Prj\IAR\DZ10_Debug\Obj\startup_MK60DZ10.o
#        C:\Users\Mr_L\Desktop\Freescale_MDK60\Prj\IAR\DZ10_Debug\Obj\system_MK60DZ10.o
#        C:\Users\Mr_L\Desktop\Freescale_MDK60\Prj\IAR\DZ10_Debug\Obj\TFT.o
#        C:\Users\Mr_L\Desktop\Freescale_MDK60\Prj\IAR\DZ10_Debug\Obj\User.o
#        C:\Users\Mr_L\Desktop\Freescale_MDK60\Prj\IAR\DZ10_Debug\Obj\vectors.o
#        --redirect _Printf=_PrintfLargeNoMb --redirect _Scanf=_ScanfLargeNoMb
#        -o
#        C:\Users\Mr_L\Desktop\Freescale_MDK60\Prj\IAR\DZ10_Debug\Exe\vcan_Kinetis.out
#        --map
#        C:\Users\Mr_L\Desktop\Freescale_MDK60\Prj\IAR\DZ10_Debug\List\vcan_Kinetis.map
#        --config "C:\Users\Mr_L\Desktop\Freescale_MDK60\Prj\IAR\config
#        files\vcan_ROM_K60N512.icf"
#        C:\Users\Mr_L\Desktop\Freescale_MDK60\Prj\IAR\..\..\Lib\CMSIS\iar_cortexM4l_math.a
#        --entry __iar_program_start --vfe
#
###############################################################################

*******************************************************************************
*** RUNTIME MODEL ATTRIBUTES
***

CppFlavor       = *
__SystemLibrary = DLib


*******************************************************************************
*** PLACEMENT SUMMARY
***

"A1":  place at 0x00000000 { ro section .intvec };
"A2":  place at 0x00000410 { ro section .noinit };
"P1":  place in [from 0x00000000 to 0x00080000] { ro, block CodeRelocate };
"P2":  place in [from 0x1fff0410 to 0x20010000] {
          rw, block CodeRelocateRam, block CSTACK, block HEAP };

  Section              Kind        Address     Size  Object
  -------              ----        -------     ----  ------
"A1":                                         0x410
  .intvec              const    0x00000000    0x410  vectors.o [1]
                              - 0x00000410    0x410

"P1", part 1 of 2:                              0x0
  .rodata              const    0x00000410      0x0  zero_init3.o [5]

"A2":                                           0x8
  .noinit              ro code  0x00000410      0x8  startup_MK60DZ10.o [1]
                              - 0x00000418      0x8

"P1", part 2 of 2:                          0x2c628
  .rodata              const    0x00000418  0x25800  Display.o [1]
  .text                ro code  0x00025c18   0x1668  Display.o [1]
  .text                ro code  0x00027280    0x54c  TFT.o [1]
  .text                ro code  0x000277cc     0xd4  MK60_lptmr.o [1]
  .text                ro code  0x000278a0    0x434  DS3231.o [1]
  .text                ro code  0x00027cd4    0x19c  MK60_gpio.o [1]
  .text                ro code  0x00027e70     0x4c  MK60_port.o [1]
  .text                ro code  0x00027ebc     0x64  MK60_conf.o [1]
  .text                ro code  0x00027f20     0x1c  I32ToDbl.o [4]
  .text                ro code  0x00027f3c    0x1a2  DblMul.o [4]
  .text                ro code  0x000280de     0x22  zero_init3.o [5]
  .text                ro code  0x00028100     0x58  DblToI32.o [4]
  .text                ro code  0x00028158     0x76  ABImemcpy_unaligned.o [5]
  .text                ro code  0x000281d0     0x24  printf.o [3]
  .text                ro code  0x000281f4     0x64  MK60_SysTick.o [1]
  .text                ro code  0x00028258    0x2ac  MK60_uart.o [1]
  .text                ro code  0x00028504    0xbee  xprintflarge_nomb.o [3]
  .text                ro code  0x000290f4     0x16  strchr.o [5]
  .text                ro code  0x0002910c     0x36  strlen.o [5]
  .text                ro code  0x00029144     0x58  memchr.o [5]
  .text                ro code  0x0002919c     0xee  I64DivMod.o [5]
  .text                ro code  0x0002928a     0x42  xdnorm.o [4]
  .text                ro code  0x000292cc     0x2e  DblCmpLe.o [4]
  .text                ro code  0x000292fc    0x246  DblDiv.o [4]
  .text                ro code  0x00029544    0x180  DblSub.o [4]
  .text                ro code  0x000296c4     0x6c  localeconv.o [3]
  .text                ro code  0x00029730      0xe  div.o [3]
  .text                ro code  0x00029740      0x2  I64DivZer.o [5]
  .text                ro code  0x00029744     0xd4  DblAdd.o [4]
  .text                ro code  0x00029818      0x2  xtls.o [3]
  .text                ro code  0x0002981c    0xea4  Key.o [1]
  .rodata              const    0x0002a6c0    0x800  TFT.o [1]
  .data_init                    0x0002aec0    0x7ec  <Block>
    Initializer bytes  ro data  0x0002aec0    0x7ec  <for .data-1>
  .text                ro code  0x0002b6ac    0x538  Password.o [1]
  .text                ro code  0x0002bbe4     0xec  MK60_PIT.o [1]
  .text                ro code  0x0002bcd0     0x50  misc.o [1]
  Veneer               ro code  0x0002bd20      0x8  - Linker created -
  .text                ro code  0x0002bd28    0x3c4  MK60_mcg.o [1]
  .rodata              const    0x0002c0ec    0x390  TFT.o [1]
  .text                ro code  0x0002c47c    0x12c  system_MK60DZ10.o [1]
  .text                ro code  0x0002c5a8     0x40  MK60_wdog.o [1]
  .text                ro code  0x0002c5e8     0x22  main.o [1]
  .text                ro code  0x0002c60a     0x3a  User.o [1]
  .text                ro code  0x0002c644     0xf4  DOOR.o [1]
  CodeRelocate                  0x0002c738     0x50  <Block>
    Initializer bytes  ro data  0x0002c738     0x50  <for CodeRelocateRam-1>
  .rodata              const    0x0002c788     0x40  MK60_SysTick.o [1]
  .rodata              const    0x0002c7c8     0x3c  MK60_conf.o [1]
  .rodata              const    0x0002c804     0x3c  MK60_gpio.o [1]
  .rodata              const    0x0002c840     0x3c  MK60_lptmr.o [1]
  .rodata              const    0x0002c87c     0x3c  MK60_uart.o [1]
  .rodata              const    0x0002c8b8     0x38  misc.o [1]
  .text                ro code  0x0002c8f0     0x28  data_init.o [5]
  .rodata              const    0x0002c918     0x24  MK60_conf.o [1]
  .iar.init_table      const    0x0002c93c     0x10  - Linker created -
  .text                ro code  0x0002c94c     0x1a  cmain.o [5]
  .text                ro code  0x0002c966      0x4  low_level_init.o [3]
  .text                ro code  0x0002c96a      0x4  exit.o [3]
  .text                ro code  0x0002c970      0xa  cexit.o [5]
  .text                ro code  0x0002c97c      0xc  XXexit.o [5]
  .text                ro code  0x0002c988     0x16  xprout.o [3]
  .text                ro code  0x0002c9a0      0xc  putchar.o [3]
  .text                ro code  0x0002c9ac      0xc  cstartup_M.o [5]
  Initializer bytes    ro data  0x0002c9b8     0x88  <for P2 s0>
                              - 0x0002ca40  0x2c628

"P2":                                         0x96c
  .data                         0x1fff0410    0x7ec  <Block>
    .data-1                     0x1fff0410    0x7ec  <Init block>
      .data            inited   0x1fff0410      0x8  Display.o [1]
      .data            inited   0x1fff0418    0x708  MK60_conf.o [1]
      .data            inited   0x1fff0b20     0x14  MK60_gpio.o [1]
      .data            inited   0x1fff0b34     0x44  MK60_mcg.o [1]
      .data            inited   0x1fff0b78      0x4  MK60_mcg.o [1]
      .data            inited   0x1fff0b7c     0x14  MK60_port.o [1]
      .data            inited   0x1fff0b90     0x18  MK60_uart.o [1]
      .data            inited   0x1fff0ba8     0x14  Password.o [1]
      .data            inited   0x1fff0bbc     0x40  xfiles.o [3]
  CodeRelocateRam               0x1fff0bfc     0x50  <Block>
    CodeRelocateRam-1           0x1fff0bfc     0x50  <Init block>
      .textrw          inited   0x1fff0bfc     0x50  MK60_mcg.o [1]
  .bss                          0x1fff0c4c     0xa6  <Block>
    .bss               zero     0x1fff0c4c      0x4  Password.o [1]
    .bss               zero     0x1fff0c50     0x1c  Password.o [1]
    .bss               zero     0x1fff0c6c     0x1c  Password.o [1]
    .bss               zero     0x1fff0c88      0x4  system_MK60DZ10.o [1]
    .bss               zero     0x1fff0c8c      0x4  system_MK60DZ10.o [1]
    .bss               zero     0x1fff0c90      0x4  system_MK60DZ10.o [1]
    .bss               zero     0x1fff0c94     0x50  xfiles.o [3]
    .bss               zero     0x1fff0ce4      0x1  DOOR.o [1]
    .bss               zero     0x1fff0ce5      0x1  Key.o [1]
    .bss               zero     0x1fff0ce6      0x1  Key.o [1]
    .bss               zero     0x1fff0ce7      0x1  Key.o [1]
    .bss               zero     0x1fff0ce8      0x1  Key.o [1]
    .bss               zero     0x1fff0ce9      0x1  Key.o [1]
    .bss               zero     0x1fff0cea      0x1  Key.o [1]
    .bss               zero     0x1fff0ceb      0x1  Key.o [1]
    .bss               zero     0x1fff0cec      0x1  Key.o [1]
    .bss               zero     0x1fff0ced      0x1  Key.o [1]
    .bss               zero     0x1fff0cee      0x1  Password.o [1]
    .bss               zero     0x1fff0cef      0x1  Password.o [1]
    .bss               zero     0x1fff0cf0      0x1  Password.o [1]
    .bss               zero     0x1fff0cf1      0x1  Password.o [1]
  P2 s0                         0x1fff0cf4     0x88  <Init block>
    __DLIB_PERTHREAD   inited   0x1fff0cf4     0x88  localeconv.o [3]
                              - 0x1fff0d7c    0x96c


*******************************************************************************
*** INIT TABLE
***

          Address     Size
          -------     ----
Zero (__iar_zero_init3)
    1 destination range, total size 0xa6:
          0x1fff0c4c  0xa6



*******************************************************************************
*** MODULE SUMMARY
***

    Module                 ro code  rw code  ro data  rw data
    ------                 -------  -------  -------  -------
C:\Users\Mr_L\Desktop\Freescale_MDK60\Prj\IAR\DZ10_Debug\Obj: [1]
    DOOR.o                     244                          1
    DS3231.o                 1 076
    Display.o                5 736           153 608        8
    Key.o                    3 748                          9
    MK60_PIT.o                 236
    MK60_SysTick.o             100                64
    MK60_conf.o                100             1 896    1 800
    MK60_gpio.o                412                80       20
    MK60_lptmr.o               212                60
    MK60_mcg.o                 964       80      152       72
    MK60_port.o                 76                20       20
    MK60_uart.o                684                84       24
    MK60_wdog.o                 64
    Password.o               1 336                20       84
    TFT.o                    1 356             2 960
    User.o                      58
    main.o                      34
    misc.o                      80                56
    startup_MK60DZ10.o           8
    system_MK60DZ10.o          300                         12
    vectors.o                                  1 040
    ---------------------------------------------------------
    Total:                  16 824       80  160 040    2 050

command line: [2]
    ---------------------------------------------------------
    Total:

dl7M_tlf.a: [3]
    div.o                       14
    exit.o                       4
    localeconv.o               108               136      136
    low_level_init.o             4
    printf.o                    36
    putchar.o                   12
    xfiles.o                                      64      144
    xprintflarge_nomb.o      3 054
    xprout.o                    22
    xtls.o                       2
    ---------------------------------------------------------
    Total:                   3 256               200      280

m7M_tl.a: [4]
    DblAdd.o                   212
    DblCmpLe.o                  46
    DblDiv.o                   582
    DblMul.o                   418
    DblSub.o                   384
    DblToI32.o                  88
    I32ToDbl.o                  28
    xdnorm.o                    66
    ---------------------------------------------------------
    Total:                   1 824

rt7M_tl.a: [5]
    ABImemcpy_unaligned.o      118
    I64DivMod.o                238
    I64DivZer.o                  2
    XXexit.o                    12
    cexit.o                     10
    cmain.o                     26
    cstartup_M.o                12
    data_init.o                 40
    memchr.o                    88
    strchr.o                    22
    strlen.o                    54
    zero_init3.o                34
    ---------------------------------------------------------
    Total:                     656

    Gaps                        24
    Linker created               8                16
-------------------------------------------------------------
    Grand Total:            22 592       80  160 256    2 330


*******************************************************************************
*** ENTRY LIST
***

Entry                      Address     Size  Type      Object
-----                      -------     ----  ----      ------
.bss$$Base              0x1fff0c4c            --   Gb  - Linker created -
.bss$$Limit             0x1fff0cf2            --   Gb  - Linker created -
.data$$Base             0x1fff0410            --   Gb  - Linker created -
.data$$Limit            0x1fff0bfc            --   Gb  - Linker created -
.data_init$$Base        0x0002aec0            --   Gb  - Linker created -
.data_init$$Limit       0x0002b6ac            --   Gb  - Linker created -
?main                   0x0002c94d           Code  Gb  cmain.o [5]
ASSERT_FAILED_STR       0x0002c918     0x24  Data  Gb  MK60_conf.o [1]
Ack_I2C                 0x00027a71     0x40  Code  Lc  DS3231.o [1]
BCD2HEX                 0x000278a1     0x16  Code  Lc  DS3231.o [1]
Back_IMG                0x00000418  0x25800  Data  Gb  Display.o [1]
Back_image              0x0002629d     0x46  Code  Gb  Display.o [1]
Base_No                 0x1fff0ba8     0x14  Data  Gb  Password.o [1]
CodeRelocate$$Base      0x0002c738            --   Gb  - Linker created -
CodeRelocate$$Limit     0x0002c788            --   Gb  - Linker created -
CodeRelocateRam$$Base   0x1fff0bfc            --   Gb  - Linker created -
CodeRelocateRam$$Limit  0x1fff0c4c            --   Gb  - Linker created -
DS3231_Config           0x00027bc3     0x42  Code  Gb  DS3231.o [1]
Door_Control            0x0002c671     0x5a  Code  Gb  DOOR.o [1]
Door_Init               0x0002c645     0x2c  Code  Gb  DOOR.o [1]
Door_Status             0x0002c6cb     0x6a  Code  Gb  DOOR.o [1]
FLAG                    0x1fff0cef      0x1  Data  Gb  Password.o [1]
Font8x16                0x0002a6c0    0x800  Data  Gb  TFT.o [1]
Frequence               0x1fff0c4c      0x4  Data  Gb  Password.o [1]
GPIOX                   0x1fff0b20     0x14  Data  Gb  MK60_gpio.o [1]
HEX2BCD                 0x000278b7     0x2c  Code  Lc  DS3231.o [1]
KEY                     0x1fff0c6c     0x1c  Data  Gb  Password.o [1]
Key_Config              0x0002981d     0x54  Code  Gb  Key.o [1]
LCD_PutChar16x16        0x000276fb     0xc8  Code  Gb  TFT.o [1]
LCD_PutChar8x16         0x0002767d     0x7e  Code  Gb  TFT.o [1]
LCD_SetPos              0x00027373     0x66  Code  Gb  TFT.o [1]
LoadInt                 0x00028a81     0x6e  Code  Lc  xprintflarge_nomb.o [3]
ModifyTime              0x00027b33     0x90  Code  Gb  DS3231.o [1]
NVIC_EnableIRQ          0x00028259     0x16  Code  Lc  MK60_uart.o [1]
NVIC_EnableIRQ          0x0002b6ad     0x16  Code  Lc  Password.o [1]
PORTX                   0x1fff0b7c     0x14  Data  Gb  MK60_port.o [1]
PULSE                   0x1fff0cf0      0x1  Data  Gb  Password.o [1]
Password                0x1fff0c50     0x1c  Data  Gb  Password.o [1]
Password_Cal            0x0002b8f7    0x224  Code  Lc  Password.o [1]
Password_Check          0x0002bb1b     0x54  Code  Gb  Password.o [1]
Password_Config         0x0002b835     0x5a  Code  Gb  Password.o [1]
Password_R              0x0002b79f     0x96  Code  Gb  Password.o [1]
Password_Reset          0x0002bb6f     0x32  Code  Gb  Password.o [1]
Password_Right          0x00025c19     0x60  Code  Gb  Display.o [1]
Password_Wrong          0x00025c79     0x60  Code  Gb  Display.o [1]
RcvByte                 0x00027a01     0x70  Code  Lc  DS3231.o [1]
Region$$Table$$Base     0x0002c93c            --   Gb  - Linker created -
Region$$Table$$Limit    0x0002c94c            --   Gb  - Linker created -
Reset_Handler           0x00000411           Code  Gb  startup_MK60DZ10.o [1]
START_FLAG              0x1fff0cee      0x1  Data  Gb  Password.o [1]
STATUS_FLAG             0x1fff0ce4      0x1  Data  Gb  DOOR.o [1]
SendByte                0x0002795d     0xa4  Code  Lc  DS3231.o [1]
Set_Base                0x0002a537    0x162  Code  Gb  Key.o [1]
Set_Time                0x00029871    0xcc6  Code  Gb  Key.o [1]
ShowCloseTime           0x00027123    0x15e  Code  Gb  Display.o [1]
ShowOpenTime            0x00026fc5    0x15e  Code  Gb  Display.o [1]
Show_Close              0x00025cf1     0x18  Code  Gb  Display.o [1]
Show_Open               0x00025cd9     0x18  Code  Gb  Display.o [1]
Show_StaticText         0x000262f9    0x564  Code  Gb  Display.o [1]
Show_Temperature        0x00026b57     0x88  Code  Gb  Display.o [1]
Show_Time               0x00026875    0x2e2  Code  Gb  Display.o [1]
Start_I2C               0x000278f3     0x3c  Code  Lc  DS3231.o [1]
Stop_I2C                0x0002792f     0x2e  Code  Lc  DS3231.o [1]
System_Config           0x0002c60b     0x3a  Code  Gb  User.o [1]
T                       0x1fff0410      0x8  Data  Gb  Display.o [1]
TFT_Init                0x000273d9    0x2a4  Code  Gb  TFT.o [1]
UARTN                   0x1fff0b90     0x18  Data  Gb  MK60_uart.o [1]
Update_Data             0x00026bdf    0x3d8  Code  Gb  Display.o [1]
Wait_Start              0x00025d21    0x57c  Code  Gb  Display.o [1]
_GenldLargeNoMb         0x00028e75    0x236  Code  Lc  xprintflarge_nomb.o [3]
_LdtobLargeNoMb         0x00028bf5    0x27a  Code  Lc  xprintflarge_nomb.o [3]
_LitobLargeNoMb         0x00028aef    0x106  Code  Lc  xprintflarge_nomb.o [3]
_Locale_aeabi_lconv     0x1fff0d44     0x38  Data  Gb  localeconv.o [3]
_Locale_lconv           0x1fff0cf4     0x50  Data  Gb  localeconv.o [3]
_Password               0x0002b6c3     0xdc  Code  Gb  Password.o [1]
_PrintfLargeNoMb        0x00028505    0x576  Code  Gb  xprintflarge_nomb.o [3]
_Prout                  0x0002c989     0x16  Code  Gb  xprout.o [3]
_PutcharsLargeNoMb      0x000290ab     0x2e  Code  Lc  xprintflarge_nomb.o [3]
__BOOT_STACK_ADDRESS {Abs}
                        0x2000fff8            --   Gb  command line/config [2]
__VECTOR_RAM {Abs}      0x1fff0000            --   Gb  command line/config [2]
__VECTOR_TABLE {Abs}    0x00000000            --   Gb  command line/config [2]
__aeabi_cdcmple         0x000292cd           Code  Gb  DblCmpLe.o [4]
__aeabi_d2iz            0x00028101           Code  Gb  DblToI32.o [4]
__aeabi_d2uiz           0x0002812d           Code  Gb  DblToI32.o [4]
__aeabi_ddiv            0x000292fd           Code  Gb  DblDiv.o [4]
__aeabi_dmul            0x00027f3d           Code  Gb  DblMul.o [4]
__aeabi_dsub            0x00029545           Code  Gb  DblSub.o [4]
__aeabi_ldiv0           0x00029741           Code  Gb  I64DivZer.o [5]
__aeabi_ui2d            0x00027f21           Code  Gb  I32ToDbl.o [4]
__aeabi_uldivmod        0x0002919d           Code  Gb  I64DivMod.o [5]
__as_entries_start      0xffffffff            --   Gb  command line/config [2]
__as_table_start        0xffffffff            --   Gb  command line/config [2]
__cmain                 0x0002c94d           Code  Gb  cmain.o [5]
__code_start__ {Abs}    0x00000410            --   Gb  command line/config [2]
__exit                  0x0002c97d           Code  Gb  XXexit.o [5]
__iar_Dnorm             0x0002928b     0x42  Code  Gb  xdnorm.o [4]
__iar_Locale_lconv_init
                        0x000296c5     0x3a  Code  Gb  localeconv.o [3]
__iar_Memchr            0x00029145           Code  Gb  memchr.o [5]
__iar_Stdout            0x1fff0bbc     0x40  Data  Gb  xfiles.o [3]
__iar_Strchr            0x000290f5           Code  Gb  strchr.o [5]
__iar_d2uiz             0x00028139           Code  Gb  DblToI32.o [4]
__iar_dadd              0x00029745           Code  Gb  DblAdd.o [4]
__iar_data_init3        0x0002c8f1     0x28  Code  Gb  data_init.o [5]
__iar_dlib_perthread_access
                        0x00029819      0x2  Code  Gb  xtls.o [3]
__iar_dsub              0x00029559           Code  Gb  DblSub.o [4]
__iar_dsubStart         0x0002956b           Code  Gb  DblSub.o [4]
__iar_program_start     0x0002c9ad           Code  Gb  cstartup_M.o [5]
__iar_ui2d              0x00027f25           Code  Gb  I32ToDbl.o [4]
__iar_unaligned___aeabi_memcpy
                        0x00028159           Code  Gb  ABImemcpy_unaligned.o [5]
__iar_unaligned___aeabi_memcpy4
                        0x00028179           Code  Gb  ABImemcpy_unaligned.o [5]
__iar_unaligned___aeabi_memcpy8
                        0x00028179           Code  Gb  ABImemcpy_unaligned.o [5]
__iar_zero_init3        0x000280df     0x22  Code  Gb  zero_init3.o [5]
__low_level_init        0x0002c967      0x4  Code  Gb  low_level_init.o [3]
__vector_table          0x00000000    0x410  Data  Gb  vectors.o [1]
_call_main              0x0002c959           Code  Gb  cmain.o [5]
_exit                   0x0002c971           Code  Gb  cexit.o [5]
_main                   0x0002c963           Code  Gb  cmain.o [5]
addset                  0x00027349     0x2a  Code  Gb  TFT.o [1]
assert_failed           0x00027ebd     0x1a  Code  Gb  MK60_conf.o [1]
base                    0x1fff0ced      0x1  Data  Gb  Key.o [1]
bus_clk_khz             0x1fff0c90      0x4  Data  Gb  system_MK60DZ10.o [1]
codeGB_16               0x0002c0ec    0x390  Data  Gb  TFT.o [1]
common_startup          0x0002c4d7     0x98  Code  Gb  system_MK60DZ10.o [1]
core_clk_khz            0x1fff0c88      0x4  Data  Gb  system_MK60DZ10.o [1]
core_clk_mhz            0x1fff0c8c      0x4  Data  Gb  system_MK60DZ10.o [1]
day                     0x1fff0ce8      0x1  Data  Gb  Key.o [1]
default_isr             0x00027eeb     0x24  Code  Gb  MK60_conf.o [1]
div                     0x00029731      0xe  Code  Gb  div.o [3]
exit                    0x0002c96b      0x4  Code  Gb  exit.o [3]
fputc                   0x00027ed7     0x14  Code  Gb  MK60_conf.o [1]
get_DS3231_Data         0x00027c05     0xcc  Code  Gb  DS3231.o [1]
gpio_get                0x00027e2d     0x3a  Code  Gb  MK60_gpio.o [1]
gpio_init               0x00027cd5     0xae  Code  Gb  MK60_gpio.o [1]
gpio_set                0x00027d83     0x72  Code  Gb  MK60_gpio.o [1]
gpio_turn               0x00027df5     0x38  Code  Gb  MK60_gpio.o [1]
hour                    0x1fff0ce9      0x1  Data  Gb  Key.o [1]
i                       0x1fff0cf1      0x1  Data  Gb  Password.o [1]
iic_delay               0x000278e3     0x10  Code  Lc  DS3231.o [1]
localeconv              0x000296ff     0x16  Code  Gb  localeconv.o [3]
lptmr_delay_ms          0x000277cd     0x40  Code  Gb  MK60_lptmr.o [1]
lptmr_delay_us          0x0002780d     0x7c  Code  Gb  MK60_lptmr.o [1]
main                    0x0002c5e9     0x22  Code  Gb  main.o [1]
mcg_cfg                 0x1fff0b34     0x44  Data  Gb  MK60_mcg.o [1]
mcg_div                 0x1fff0b78      0x4  Data  Gb  MK60_mcg.o [1]
mcg_div_count           0x0002bd29    0x2f4  Code  Gb  MK60_mcg.o [1]
memchr                  0x00029145           Code  Gb  memchr.o [5]
min                     0x1fff0cea      0x1  Data  Gb  Key.o [1]
mon                     0x1fff0ce7      0x1  Data  Gb  Key.o [1]
obuf                    0x1fff0c94     0x50  Data  Lc  xfiles.o [3]
pit_time_get            0x0002bc5f     0x64  Code  Gb  MK60_PIT.o [1]
pit_time_start          0x0002bbe5     0x7a  Code  Gb  MK60_PIT.o [1]
pll_init                0x0002c01d     0xb2  Code  Gb  MK60_mcg.o [1]
port_init               0x00027e71     0x44  Code  Gb  MK60_port.o [1]
printf                  0x000281d1     0x24  Code  Gb  printf.o [3]
putchar                 0x0002c9a1      0xc  Code  Gb  putchar.o [3]
read_current            0x00027ae9     0x26  Code  Lc  DS3231.o [1]
read_random             0x00027b0f     0x24  Code  Lc  DS3231.o [1]
sec                     0x1fff0ceb      0x1  Data  Gb  Key.o [1]
set_sys_dividers        0x1fff0bfd     0x50  Code  Gb  MK60_mcg.o [1]
set_vector_handler      0x0002bcf3     0x22  Code  Gb  misc.o [1]
start                   0x0002c47d     0x1e  Code  Gb  system_MK60DZ10.o [1]
strchr                  0x000290f5           Code  Gb  strchr.o [5]
strlen                  0x0002910d           Code  Gb  strlen.o [5]
sysinit                 0x0002c49b     0x3c  Code  Gb  system_MK60DZ10.o [1]
systick_delay           0x000281f5     0x36  Code  Gb  MK60_SysTick.o [1]
systick_delay_ms        0x0002822b     0x18  Code  Gb  MK60_SysTick.o [1]
temp                    0x1fff0cec      0x1  Data  Gb  Key.o [1]
time                    0x1fff0ce5      0x1  Data  Gb  Key.o [1]
translate               0x0002b88f     0x68  Code  Lc  Password.o [1]
uart_getchar            0x00028487     0x1e  Code  Gb  MK60_uart.o [1]
uart_init               0x0002826f    0x218  Code  Gb  MK60_uart.o [1]
uart_putchar            0x000284a5     0x1a  Code  Gb  MK60_uart.o [1]
uart_rx_irq_en          0x000284bf     0x2a  Code  Gb  MK60_uart.o [1]
vector_str              0x1fff0418    0x708  Data  Gb  MK60_conf.o [1]
wdog_disable            0x0002c5a9     0x16  Code  Gb  MK60_wdog.o [1]
wdog_unlock             0x0002c5bf     0x20  Code  Lc  MK60_wdog.o [1]
wr_com16                0x00027331     0x18  Code  Gb  TFT.o [1]
write_byte              0x00027ab1     0x38  Code  Lc  DS3231.o [1]
write_command           0x00027281     0x58  Code  Gb  TFT.o [1]
write_data              0x000272d9     0x58  Code  Gb  TFT.o [1]
write_vtor              0x0002bcd1     0x22  Code  Gb  misc.o [1]
year                    0x1fff0ce6      0x1  Data  Gb  Key.o [1]


[1] = C:\Users\Mr_L\Desktop\Freescale_MDK60\Prj\IAR\DZ10_Debug\Obj
[2] = command line
[3] = dl7M_tlf.a
[4] = m7M_tl.a
[5] = rt7M_tl.a

   22 592 bytes of readonly  code memory
       80 bytes of readwrite code memory
  160 256 bytes of readonly  data memory
    2 330 bytes of readwrite data memory

Errors: none
Warnings: none
