###############################################################################
#                                                                             #
# IAR ELF Linker V6.60.1.5097/W32 for ARM               28/Jul/2015  00:21:24 #
# Copyright 2007-2013 IAR Systems AB.                                         #
#                                                                             #
#    Output file  =  C:\Users\Mr_L\Desktop\Freescale_MDK60\Prj\IAR\DZ10_Relea #
#                    se\Exe\vcan_Kinetis.out                                  #
#    Map file     =  C:\Users\Mr_L\Desktop\Freescale_MDK60\Prj\IAR\DZ10_Relea #
#                    se\List\vcan_Kinetis.map                                 #
#    Command line =  C:\Users\Mr_L\Desktop\Freescale_MDK60\Prj\IAR\DZ10_Relea #
#                    se\Obj\main.o C:\Users\Mr_L\Desktop\Freescale_MDK60\Prj\ #
#                    IAR\DZ10_Release\Obj\misc.o                              #
#                    C:\Users\Mr_L\Desktop\Freescale_MDK60\Prj\IAR\DZ10_Relea #
#                    se\Obj\MK60_adc.o C:\Users\Mr_L\Desktop\Freescale_MDK60\ #
#                    Prj\IAR\DZ10_Release\Obj\MK60_conf.o                     #
#                    C:\Users\Mr_L\Desktop\Freescale_MDK60\Prj\IAR\DZ10_Relea #
#                    se\Obj\MK60_dac.o C:\Users\Mr_L\Desktop\Freescale_MDK60\ #
#                    Prj\IAR\DZ10_Release\Obj\MK60_dma.o                      #
#                    C:\Users\Mr_L\Desktop\Freescale_MDK60\Prj\IAR\DZ10_Relea #
#                    se\Obj\MK60_DWT.o C:\Users\Mr_L\Desktop\Freescale_MDK60\ #
#                    Prj\IAR\DZ10_Release\Obj\MK60_flash.o                    #
#                    C:\Users\Mr_L\Desktop\Freescale_MDK60\Prj\IAR\DZ10_Relea #
#                    se\Obj\MK60_ftm.o C:\Users\Mr_L\Desktop\Freescale_MDK60\ #
#                    Prj\IAR\DZ10_Release\Obj\MK60_gpio.o                     #
#                    C:\Users\Mr_L\Desktop\Freescale_MDK60\Prj\IAR\DZ10_Relea #
#                    se\Obj\MK60_i2c.o C:\Users\Mr_L\Desktop\Freescale_MDK60\ #
#                    Prj\IAR\DZ10_Release\Obj\MK60_it.o                       #
#                    C:\Users\Mr_L\Desktop\Freescale_MDK60\Prj\IAR\DZ10_Relea #
#                    se\Obj\MK60_lptmr.o C:\Users\Mr_L\Desktop\Freescale_MDK6 #
#                    0\Prj\IAR\DZ10_Release\Obj\MK60_mcg.o                    #
#                    C:\Users\Mr_L\Desktop\Freescale_MDK60\Prj\IAR\DZ10_Relea #
#                    se\Obj\MK60_PIT.o C:\Users\Mr_L\Desktop\Freescale_MDK60\ #
#                    Prj\IAR\DZ10_Release\Obj\MK60_port.o                     #
#                    C:\Users\Mr_L\Desktop\Freescale_MDK60\Prj\IAR\DZ10_Relea #
#                    se\Obj\MK60_rtc.o C:\Users\Mr_L\Desktop\Freescale_MDK60\ #
#                    Prj\IAR\DZ10_Release\Obj\MK60_spi.o                      #
#                    C:\Users\Mr_L\Desktop\Freescale_MDK60\Prj\IAR\DZ10_Relea #
#                    se\Obj\MK60_SysTick.o C:\Users\Mr_L\Desktop\Freescale_MD #
#                    K60\Prj\IAR\DZ10_Release\Obj\MK60_uart.o                 #
#                    C:\Users\Mr_L\Desktop\Freescale_MDK60\Prj\IAR\DZ10_Relea #
#                    se\Obj\MK60_wdog.o C:\Users\Mr_L\Desktop\Freescale_MDK60 #
#                    \Prj\IAR\DZ10_Release\Obj\startup_MK60DZ10.o             #
#                    C:\Users\Mr_L\Desktop\Freescale_MDK60\Prj\IAR\DZ10_Relea #
#                    se\Obj\system_MK60DZ10.o C:\Users\Mr_L\Desktop\Freescale #
#                    _MDK60\Prj\IAR\DZ10_Release\Obj\VCAN_camera.o            #
#                    C:\Users\Mr_L\Desktop\Freescale_MDK60\Prj\IAR\DZ10_Relea #
#                    se\Obj\VCAN_computer.o C:\Users\Mr_L\Desktop\Freescale_M #
#                    DK60\Prj\IAR\DZ10_Release\Obj\VCAN_key.o                 #
#                    C:\Users\Mr_L\Desktop\Freescale_MDK60\Prj\IAR\DZ10_Relea #
#                    se\Obj\VCAN_LED.o C:\Users\Mr_L\Desktop\Freescale_MDK60\ #
#                    Prj\IAR\DZ10_Release\Obj\VCAN_MMA7455.o                  #
#                    C:\Users\Mr_L\Desktop\Freescale_MDK60\Prj\IAR\DZ10_Relea #
#                    se\Obj\VCAN_NRF24L0.o C:\Users\Mr_L\Desktop\Freescale_MD #
#                    K60\Prj\IAR\DZ10_Release\Obj\VCAN_OV7725_Eagle.o         #
#                    C:\Users\Mr_L\Desktop\Freescale_MDK60\Prj\IAR\DZ10_Relea #
#                    se\Obj\VCAN_RTC_count.o C:\Users\Mr_L\Desktop\Freescale_ #
#                    MDK60\Prj\IAR\DZ10_Release\Obj\VCAN_SCCB.o               #
#                    C:\Users\Mr_L\Desktop\Freescale_MDK60\Prj\IAR\DZ10_Relea #
#                    se\Obj\vectors.o --redirect _Printf=_PrintfLargeNoMb     #
#                    --redirect _Scanf=_ScanfLargeNoMb -o                     #
#                    C:\Users\Mr_L\Desktop\Freescale_MDK60\Prj\IAR\DZ10_Relea #
#                    se\Exe\vcan_Kinetis.out --map                            #
#                    C:\Users\Mr_L\Desktop\Freescale_MDK60\Prj\IAR\DZ10_Relea #
#                    se\List\vcan_Kinetis.map --config                        #
#                    "C:\Users\Mr_L\Desktop\Freescale_MDK60\Prj\IAR\config    #
#                    files\vcan_ROM_K60N512.icf"                              #
#                    C:\Users\Mr_L\Desktop\Freescale_MDK60\Prj\IAR\..\..\Lib\ #
#                    CMSIS\iar_cortexM4l_math.a --entry __iar_program_start   #
#                    --redirect __write=__write_buffered --inline --vfe       #
#                                                                             #
#                                                                             #
###############################################################################

*******************************************************************************
*** RUNTIME MODEL ATTRIBUTES
***

CppFlavor       = *
__SystemLibrary = DLib


*******************************************************************************
*** PLACEMENT SUMMARY
***

"A1":  place at 0x00000000 { ro section .intvec };
"A2":  place at 0x00000410 { ro section .noinit };
"P1":  place in [from 0x00000000 to 0x00080000] { ro, block CodeRelocate };
"P2":  place in [from 0x1fff0410 to 0x20010000] {
          rw, block CodeRelocateRam, block CSTACK, block HEAP };

  Section              Kind        Address   Size  Object
  -------              ----        -------   ----  ------
"A1":                                       0x410
  .intvec              const    0x00000000  0x410  vectors.o [1]
                              - 0x00000410  0x410

"P1", part 1 of 2:                            0x0
  .rodata              const    0x00000410    0x0  zero_init3.o [5]

"A2":                                         0x8
  .noinit              ro code  0x00000410    0x8  startup_MK60DZ10.o [1]
                              - 0x00000418    0x8

"P1", part 2 of 2:                          0x75c
  Veneer               ro code  0x00000418    0x8  - Linker created -
  .text                ro code  0x00000420  0x22c  MK60_mcg.o [1]
  .text                ro code  0x0000064c  0x158  MK60_uart.o [1]
  .text                ro code  0x000007a4   0x3c  MK60_port.o [1]
  .text                ro code  0x000007e0   0xcc  system_MK60DZ10.o [1]
  .text                ro code  0x000008ac   0x2c  MK60_wdog.o [1]
  .text                ro code  0x000008d8   0x48  MK60_gpio.o [1]
  .text                ro code  0x00000920    0x2  main.o [1]
  .text                ro code  0x00000922   0x22  zero_init3.o [5]
  .text                ro code  0x00000944   0x76  ABImemcpy_unaligned.o [5]
  .text                ro code  0x000009bc    0xc  misc.o [1]
  .text                ro code  0x000009c8    0x6  ABImemclr.o [5]
  .text                ro code  0x000009d0   0x5e  ABImemset.o [5]
  .data_init                    0x00000a30   0x88  <Block>
    Initializer bytes  ro data  0x00000a30   0x88  <for .data-1>
  CodeRelocate                  0x00000ab8   0x3c  <Block>
    Initializer bytes  ro data  0x00000ab8   0x3c  <for CodeRelocateRam-1>
  .text                ro code  0x00000af4   0x28  data_init.o [5]
  .iar.init_table      const    0x00000b1c   0x10  - Linker created -
  .text                ro code  0x00000b2c   0x1a  cmain.o [5]
  .text                ro code  0x00000b46    0x4  exit.o [3]
  .text                ro code  0x00000b4c    0xa  cexit.o [5]
  .text                ro code  0x00000b58    0xc  XXexit.o [5]
  .text                ro code  0x00000b64    0xc  cstartup_M.o [5]
  .text                ro code  0x00000b70    0x4  MK60_conf.o [1]
                              - 0x00000b74  0x75c

"P2", part 1 of 2:                           0xc4
  .data                         0x1fff0410   0x88  <Block>
    .data-1                     0x1fff0410   0x88  <Init block>
      .data            inited   0x1fff0410   0x14  MK60_gpio.o [1]
      .data            inited   0x1fff0424   0x44  MK60_mcg.o [1]
      .data            inited   0x1fff0468    0x4  MK60_mcg.o [1]
      .data            inited   0x1fff046c   0x14  MK60_port.o [1]
      .data            inited   0x1fff0480   0x18  MK60_uart.o [1]
  CodeRelocateRam               0x1fff0498   0x3c  <Block>
    CodeRelocateRam-1           0x1fff0498   0x3c  <Init block>
      .textrw          inited   0x1fff0498   0x3c  MK60_mcg.o [1]
                              - 0x1fff04d4   0xc4

"P2", part 2 of 2:                            0xc
  .bss                          0x1fff04d4    0xc  <Block>
    .bss               zero     0x1fff04d4    0xc  system_MK60DZ10.o [1]
                              - 0x1fff04e0    0xc


*******************************************************************************
*** INIT TABLE
***

          Address     Size
          -------     ----
Zero (__iar_zero_init3)
    1 destination range, total size 0xc:
          0x1fff04d4   0xc



*******************************************************************************
*** MODULE SUMMARY
***

    Module                 ro code  rw code  ro data  rw data
    ------                 -------  -------  -------  -------
C:\Users\Mr_L\Desktop\Freescale_MDK60\Prj\IAR\DZ10_Release\Obj: [1]
    MK60_conf.o                  4
    MK60_gpio.o                 72                20       20
    MK60_mcg.o                 556       60      132       72
    MK60_port.o                 60                20       20
    MK60_uart.o                344                24       24
    MK60_wdog.o                 44
    main.o                       2
    misc.o                      12
    startup_MK60DZ10.o           8
    system_MK60DZ10.o          204                         12
    vectors.o                                  1 040
    ---------------------------------------------------------
    Total:                   1 306       60    1 236      148

command line: [2]
    ---------------------------------------------------------
    Total:

dl7M_tlf.a: [3]
    exit.o                       4
    ---------------------------------------------------------
    Total:                       4

m7M_tl.a: [4]
    ---------------------------------------------------------
    Total:

rt7M_tl.a: [5]
    ABImemclr.o                  6
    ABImemcpy_unaligned.o      118
    ABImemset.o                 94
    XXexit.o                    12
    cexit.o                     10
    cmain.o                     26
    cstartup_M.o                12
    data_init.o                 40
    zero_init3.o                34
    ---------------------------------------------------------
    Total:                     352

    Gaps                         8
    Linker created               8                16
-------------------------------------------------------------
    Grand Total:             1 678       60    1 252      148


*******************************************************************************
*** ENTRY LIST
***

Entry                      Address   Size  Type      Object
-----                      -------   ----  ----      ------
.bss$$Base              0x1fff04d4          --   Gb  - Linker created -
.bss$$Limit             0x1fff04e0          --   Gb  - Linker created -
.data$$Base             0x1fff0410          --   Gb  - Linker created -
.data$$Limit            0x1fff0498          --   Gb  - Linker created -
.data_init$$Base        0x00000a30          --   Gb  - Linker created -
.data_init$$Limit       0x00000ab8          --   Gb  - Linker created -
?main                   0x00000b2d         Code  Gb  cmain.o [5]
CodeRelocate$$Base      0x00000ab8          --   Gb  - Linker created -
CodeRelocate$$Limit     0x00000af4          --   Gb  - Linker created -
CodeRelocateRam$$Base   0x1fff0498          --   Gb  - Linker created -
CodeRelocateRam$$Limit  0x1fff04d4          --   Gb  - Linker created -
GPIOX                   0x1fff0410   0x14  Data  Gb  MK60_gpio.o [1]
PORTX                   0x1fff046c   0x14  Data  Gb  MK60_port.o [1]
Region$$Table$$Base     0x00000b1c          --   Gb  - Linker created -
Region$$Table$$Limit    0x00000b2c          --   Gb  - Linker created -
Reset_Handler           0x00000411         Code  Gb  startup_MK60DZ10.o [1]
UARTN                   0x1fff0480   0x18  Data  Gb  MK60_uart.o [1]
__BOOT_STACK_ADDRESS {Abs}
                        0x2000fff8          --   Gb  command line/config [2]
__VECTOR_RAM {Abs}      0x1fff0000          --   Gb  command line/config [2]
__VECTOR_TABLE {Abs}    0x00000000          --   Gb  command line/config [2]
__aeabi_memclr          0x000009c9         Code  Gb  ABImemclr.o [5]
__cmain                 0x00000b2d         Code  Gb  cmain.o [5]
__code_start__ {Abs}    0x00000410          --   Gb  command line/config [2]
__exit                  0x00000b59         Code  Gb  XXexit.o [5]
__iar_Memset_word       0x000009d1         Code  Gb  ABImemset.o [5]
__iar_data_init3        0x00000af5   0x28  Code  Gb  data_init.o [5]
__iar_program_start     0x00000b65         Code  Gb  cstartup_M.o [5]
__iar_unaligned___aeabi_memcpy
                        0x00000945         Code  Gb  ABImemcpy_unaligned.o [5]
__iar_unaligned___aeabi_memcpy4
                        0x00000965         Code  Gb  ABImemcpy_unaligned.o [5]
__iar_unaligned___aeabi_memcpy8
                        0x00000965         Code  Gb  ABImemcpy_unaligned.o [5]
__iar_zero_init3        0x00000923   0x22  Code  Gb  zero_init3.o [5]
__vector_table          0x00000000  0x410  Data  Gb  vectors.o [1]
_call_main              0x00000b39         Code  Gb  cmain.o [5]
_exit                   0x00000b4d         Code  Gb  cexit.o [5]
_main                   0x00000b43         Code  Gb  cmain.o [5]
bus_clk_khz             0x1fff04dc    0x4  Data  Gb  system_MK60DZ10.o [1]
common_startup          0x00000833   0x48  Code  Gb  system_MK60DZ10.o [1]
core_clk_khz            0x1fff04d4    0x4  Data  Gb  system_MK60DZ10.o [1]
core_clk_mhz            0x1fff04d8    0x4  Data  Gb  system_MK60DZ10.o [1]
default_isr             0x00000b71    0x2  Code  Gb  MK60_conf.o [1]
exit                    0x00000b47    0x4  Code  Gb  exit.o [3]
gpio_init               0x000008d9   0x42  Code  Gb  MK60_gpio.o [1]
main                    0x00000921    0x2  Code  Gb  main.o [1]
mcg_cfg                 0x1fff0424   0x44  Data  Gb  MK60_mcg.o [1]
mcg_div                 0x1fff0468    0x4  Data  Gb  MK60_mcg.o [1]
mcg_div_count           0x00000421  0x1a2  Code  Gb  MK60_mcg.o [1]
pll_init                0x000005c3   0x7c  Code  Gb  MK60_mcg.o [1]
port_init               0x000007a5   0x2c  Code  Gb  MK60_port.o [1]
set_sys_dividers        0x1fff0499   0x3c  Code  Gb  MK60_mcg.o [1]
start                   0x000007e1   0x1e  Code  Gb  system_MK60DZ10.o [1]
sysinit                 0x000007ff   0x34  Code  Gb  system_MK60DZ10.o [1]
uart_init               0x0000064d  0x148  Code  Gb  MK60_uart.o [1]
wdog_disable            0x000008ad   0x26  Code  Gb  MK60_wdog.o [1]
write_vtor              0x000009bd    0x6  Code  Gb  misc.o [1]


[1] = C:\Users\Mr_L\Desktop\Freescale_MDK60\Prj\IAR\DZ10_Release\Obj
[2] = command line
[3] = dl7M_tlf.a
[4] = m7M_tl.a
[5] = rt7M_tl.a

  1 678 bytes of readonly  code memory
     60 bytes of readwrite code memory
  1 252 bytes of readonly  data memory
    148 bytes of readwrite data memory

Errors: none
Warnings: none
